// Jest Snapshot v1, https://goo.gl/fbAQLP

exports[`<Book /> should render correctly 1`] = `
<DocumentFragment>
  <div
    class="chakra-container css-122pq3t"
    data-testid="container:book"
  >
    <h2
      class="chakra-heading css-147w9li"
    >
      Book a 60 minute meeting with mr_bojangles...
    </h2>
    <div
      class="css-b82b48"
    >
      <div
        class="chakra-container css-19n8dai"
        data-testid="container:profile"
      >
        <table
          class="chakra-table css-0"
          role="table"
        >
          <tbody
            class="css-13c8hy8"
          >
            <tr
              class="css-0"
              role="row"
            >
              <th
                class="css-1u3nbe2"
              >
                Location
              </th>
              <td
                class="css-17arw3k"
                role="gridcell"
              >
                London
              </td>
            </tr>
            <tr
              class="css-0"
              role="row"
            >
              <th
                class="css-1u3nbe2"
              >
                Time-Zone
              </th>
              <td
                class="css-17arw3k"
                role="gridcell"
              >
                Europe/London
              </td>
            </tr>
            <tr
              class="css-0"
              role="row"
            >
              <th
                class="css-1u3nbe2"
              >
                About
              </th>
              <td
                class="css-17arw3k"
                role="gridcell"
              >
                legend
              </td>
            </tr>
          </tbody>
        </table>
      </div>
      <div
        class="chakra-container css-old1by"
      >
        ((Calendar))
      </div>
      <div
        class="chakra-container css-2rlxtj"
      >
        ((TimeList))
      </div>
    </div>
    <div
      class="chakra-container css-5exlul"
    >
      <button
        class="chakra-button css-5c2176"
        type="button"
      >
        Book meeting
      </button>
    </div>
    ((ModalComponent))
  </div>
</DocumentFragment>
`;
