// Jest Snapshot v1, https://goo.gl/fbAQLP

exports[`<TimeList /> should render correctly 1`] = `
<DocumentFragment>
  <div
    class="sc-hKMtZM itofvw"
  >
    <span
      class="sc-eCYdqJ jXlBzm"
    >
      Select a time 
    </span>
    <div
      class="sc-jSMfEi gWnnJL"
    >
      <div
        class="sc-jSMfEi gWnnJL"
      >
        <svg>
          clock.svg
        </svg>
      </div>
    </div>
    <div
      class="sc-gsnTZi ecdcmO"
    >
      <button
        class="sc-bczRLJ gfvuLZ"
        style="background-color: transparent;"
      >
        10:00
      </button>
      <button
        class="sc-bczRLJ gfvuLZ"
        style="background-color: transparent;"
      >
        10:30
      </button>
      <button
        class="sc-bczRLJ gfvuLZ"
        style="background-color: transparent;"
      >
        11:00
      </button>
      <button
        class="sc-bczRLJ gfvuLZ"
        style="background-color: transparent;"
      >
        11:30
      </button>
      <button
        class="sc-bczRLJ gfvuLZ"
        style="background-color: transparent;"
      >
        12:00
      </button>
      <button
        class="sc-bczRLJ gfvuLZ"
        style="background-color: transparent;"
      >
        13:00
      </button>
      <button
        class="sc-bczRLJ gfvuLZ"
        style="background-color: transparent;"
      >
        13:30
      </button>
      <button
        class="sc-bczRLJ gfvuLZ"
        style="background-color: transparent;"
      >
        14:00
      </button>
      <button
        class="sc-bczRLJ gfvuLZ"
        style="background-color: transparent;"
      >
        14:30
      </button>
      <button
        class="sc-bczRLJ gfvuLZ"
        style="background-color: transparent;"
      >
        15:00
      </button>
    </div>
  </div>
</DocumentFragment>
`;
