// Jest Snapshot v1, https://goo.gl/fbAQLP

exports[`<Meetings /> should render correctly 1`] = `
<DocumentFragment>
  <div
    class="sc-jSMfEi fhWwEh"
  >
    <div
      class="sc-gKXOVf iQfcHe"
    >
      <div
        class="css-b82b48"
      >
        ((Calendar))
        <div
          class="sc-eCYdqJ fJwAkp"
        />
      </div>
    </div>
  </div>
</DocumentFragment>
`;
