// Jest Snapshot v1, https://goo.gl/fbAQLP

exports[`<MeetingCard /> should render correctly 1`] = `
<DocumentFragment>
  <div
    class="sc-bczRLJ lhfvPN"
  >
    <span
      class="sc-hKMtZM AizOZ"
    >
      Wednesday, 2 February 2022 at 21:00-21:30
    </span>
    <span
      class="sc-gsnTZi bBjkky"
    >
      Dave Spart
    </span>
    <span
      class="sc-dkzDqf ezVsXa"
    >
      Random meeting
    </span>
  </div>
</DocumentFragment>
`;
